// Jest Snapshot v1, https://goo.gl/fbAQLP

exports[`Test Data Component 1`] = `null`;
