// Jest Snapshot v1, https://goo.gl/fbAQLP

exports[`<CalcBody /> should render all calculator button 1`] = `
Object {
  "asFragment": [Function],
  "baseElement": <body>
    <div>
      <section
        class="calculator"
      >
        <div
          class="calculator-title"
        >
          <h1>
            Let‘s do some math!
          </h1>
        </div>
        <div>
          <div>
            <input
              id="input"
              readonly=""
              type="text"
              value="2  "
            />
          </div>
          <div
            class="btn-calculator"
          >
            <button
              name="AC"
              type="button"
            >
              AC
            </button>
            <button
              name="+/-"
              type="button"
            >
              +/-
            </button>
            <button
              name="%"
              type="button"
            >
              %
            </button>
            <button
              name="÷"
              type="button"
            >
              ÷
            </button>
            <button
              name="7"
              type="button"
            >
              7
            </button>
            <button
              name="8"
              type="button"
            >
              8
            </button>
            <button
              name="9"
              type="button"
            >
              9
            </button>
            <button
              name="x"
              type="button"
            >
              x
            </button>
            <button
              name="4"
              type="button"
            >
              4
            </button>
            <button
              name="5"
              type="button"
            >
              5
            </button>
            <button
              name="6"
              type="button"
            >
              6
            </button>
            <button
              name="-"
              type="button"
            >
              -
            </button>
            <button
              name="1"
              type="button"
            >
              1
            </button>
            <button
              name="2"
              type="button"
            >
              2
            </button>
            <button
              name="3"
              type="button"
            >
              3
            </button>
            <button
              name="+"
              type="button"
            >
              +
            </button>
            <button
              name="0"
              type="button"
            >
              0
            </button>
            <button
              name="."
              type="button"
            >
              .
            </button>
            <button
              name="="
              type="button"
            >
              =
            </button>
          </div>
        </div>
      </section>
    </div>
  </body>,
  "container": <div>
    <section
      class="calculator"
    >
      <div
        class="calculator-title"
      >
        <h1>
          Let‘s do some math!
        </h1>
      </div>
      <div>
        <div>
          <input
            id="input"
            readonly=""
            type="text"
            value="2  "
          />
        </div>
        <div
          class="btn-calculator"
        >
          <button
            name="AC"
            type="button"
          >
            AC
          </button>
          <button
            name="+/-"
            type="button"
          >
            +/-
          </button>
          <button
            name="%"
            type="button"
          >
            %
          </button>
          <button
            name="÷"
            type="button"
          >
            ÷
          </button>
          <button
            name="7"
            type="button"
          >
            7
          </button>
          <button
            name="8"
            type="button"
          >
            8
          </button>
          <button
            name="9"
            type="button"
          >
            9
          </button>
          <button
            name="x"
            type="button"
          >
            x
          </button>
          <button
            name="4"
            type="button"
          >
            4
          </button>
          <button
            name="5"
            type="button"
          >
            5
          </button>
          <button
            name="6"
            type="button"
          >
            6
          </button>
          <button
            name="-"
            type="button"
          >
            -
          </button>
          <button
            name="1"
            type="button"
          >
            1
          </button>
          <button
            name="2"
            type="button"
          >
            2
          </button>
          <button
            name="3"
            type="button"
          >
            3
          </button>
          <button
            name="+"
            type="button"
          >
            +
          </button>
          <button
            name="0"
            type="button"
          >
            0
          </button>
          <button
            name="."
            type="button"
          >
            .
          </button>
          <button
            name="="
            type="button"
          >
            =
          </button>
        </div>
      </div>
    </section>
  </div>,
  "debug": [Function],
  "findAllByAltText": [Function],
  "findAllByDisplayValue": [Function],
  "findAllByLabelText": [Function],
  "findAllByPlaceholderText": [Function],
  "findAllByRole": [Function],
  "findAllByTestId": [Function],
  "findAllByText": [Function],
  "findAllByTitle": [Function],
  "findByAltText": [Function],
  "findByDisplayValue": [Function],
  "findByLabelText": [Function],
  "findByPlaceholderText": [Function],
  "findByRole": [Function],
  "findByTestId": [Function],
  "findByText": [Function],
  "findByTitle": [Function],
  "getAllByAltText": [Function],
  "getAllByDisplayValue": [Function],
  "getAllByLabelText": [Function],
  "getAllByPlaceholderText": [Function],
  "getAllByRole": [Function],
  "getAllByTestId": [Function],
  "getAllByText": [Function],
  "getAllByTitle": [Function],
  "getByAltText": [Function],
  "getByDisplayValue": [Function],
  "getByLabelText": [Function],
  "getByPlaceholderText": [Function],
  "getByRole": [Function],
  "getByTestId": [Function],
  "getByText": [Function],
  "getByTitle": [Function],
  "queryAllByAltText": [Function],
  "queryAllByDisplayValue": [Function],
  "queryAllByLabelText": [Function],
  "queryAllByPlaceholderText": [Function],
  "queryAllByRole": [Function],
  "queryAllByTestId": [Function],
  "queryAllByText": [Function],
  "queryAllByTitle": [Function],
  "queryByAltText": [Function],
  "queryByDisplayValue": [Function],
  "queryByLabelText": [Function],
  "queryByPlaceholderText": [Function],
  "queryByRole": [Function],
  "queryByTestId": [Function],
  "queryByText": [Function],
  "queryByTitle": [Function],
  "rerender": [Function],
  "unmount": [Function],
}
`;

exports[`<Calculator /> should do the correct user interactions on pressing the key buttons 1`] = `
Object {
  "asFragment": [Function],
  "baseElement": <body>
    <div>
      <section
        class="calculator"
      >
        <div
          class="calculator-title"
        >
          <h1>
            Let‘s do some math!
          </h1>
        </div>
        <div>
          <div>
            <input
              id="input"
              readonly=""
              type="text"
              value="2  "
            />
          </div>
          <div
            class="btn-calculator"
          >
            <button
              name="AC"
              type="button"
            >
              AC
            </button>
            <button
              name="+/-"
              type="button"
            >
              +/-
            </button>
            <button
              name="%"
              type="button"
            >
              %
            </button>
            <button
              name="÷"
              type="button"
            >
              ÷
            </button>
            <button
              name="7"
              type="button"
            >
              7
            </button>
            <button
              name="8"
              type="button"
            >
              8
            </button>
            <button
              name="9"
              type="button"
            >
              9
            </button>
            <button
              name="x"
              type="button"
            >
              x
            </button>
            <button
              name="4"
              type="button"
            >
              4
            </button>
            <button
              name="5"
              type="button"
            >
              5
            </button>
            <button
              name="6"
              type="button"
            >
              6
            </button>
            <button
              name="-"
              type="button"
            >
              -
            </button>
            <button
              name="1"
              type="button"
            >
              1
            </button>
            <button
              name="2"
              type="button"
            >
              2
            </button>
            <button
              name="3"
              type="button"
            >
              3
            </button>
            <button
              name="+"
              type="button"
            >
              +
            </button>
            <button
              name="0"
              type="button"
            >
              0
            </button>
            <button
              name="."
              type="button"
            >
              .
            </button>
            <button
              name="="
              type="button"
            >
              =
            </button>
          </div>
        </div>
      </section>
    </div>
  </body>,
  "container": <div>
    <section
      class="calculator"
    >
      <div
        class="calculator-title"
      >
        <h1>
          Let‘s do some math!
        </h1>
      </div>
      <div>
        <div>
          <input
            id="input"
            readonly=""
            type="text"
            value="2  "
          />
        </div>
        <div
          class="btn-calculator"
        >
          <button
            name="AC"
            type="button"
          >
            AC
          </button>
          <button
            name="+/-"
            type="button"
          >
            +/-
          </button>
          <button
            name="%"
            type="button"
          >
            %
          </button>
          <button
            name="÷"
            type="button"
          >
            ÷
          </button>
          <button
            name="7"
            type="button"
          >
            7
          </button>
          <button
            name="8"
            type="button"
          >
            8
          </button>
          <button
            name="9"
            type="button"
          >
            9
          </button>
          <button
            name="x"
            type="button"
          >
            x
          </button>
          <button
            name="4"
            type="button"
          >
            4
          </button>
          <button
            name="5"
            type="button"
          >
            5
          </button>
          <button
            name="6"
            type="button"
          >
            6
          </button>
          <button
            name="-"
            type="button"
          >
            -
          </button>
          <button
            name="1"
            type="button"
          >
            1
          </button>
          <button
            name="2"
            type="button"
          >
            2
          </button>
          <button
            name="3"
            type="button"
          >
            3
          </button>
          <button
            name="+"
            type="button"
          >
            +
          </button>
          <button
            name="0"
            type="button"
          >
            0
          </button>
          <button
            name="."
            type="button"
          >
            .
          </button>
          <button
            name="="
            type="button"
          >
            =
          </button>
        </div>
      </div>
    </section>
  </div>,
  "debug": [Function],
  "findAllByAltText": [Function],
  "findAllByDisplayValue": [Function],
  "findAllByLabelText": [Function],
  "findAllByPlaceholderText": [Function],
  "findAllByRole": [Function],
  "findAllByTestId": [Function],
  "findAllByText": [Function],
  "findAllByTitle": [Function],
  "findByAltText": [Function],
  "findByDisplayValue": [Function],
  "findByLabelText": [Function],
  "findByPlaceholderText": [Function],
  "findByRole": [Function],
  "findByTestId": [Function],
  "findByText": [Function],
  "findByTitle": [Function],
  "getAllByAltText": [Function],
  "getAllByDisplayValue": [Function],
  "getAllByLabelText": [Function],
  "getAllByPlaceholderText": [Function],
  "getAllByRole": [Function],
  "getAllByTestId": [Function],
  "getAllByText": [Function],
  "getAllByTitle": [Function],
  "getByAltText": [Function],
  "getByDisplayValue": [Function],
  "getByLabelText": [Function],
  "getByPlaceholderText": [Function],
  "getByRole": [Function],
  "getByTestId": [Function],
  "getByText": [Function],
  "getByTitle": [Function],
  "queryAllByAltText": [Function],
  "queryAllByDisplayValue": [Function],
  "queryAllByLabelText": [Function],
  "queryAllByPlaceholderText": [Function],
  "queryAllByRole": [Function],
  "queryAllByTestId": [Function],
  "queryAllByText": [Function],
  "queryAllByTitle": [Function],
  "queryByAltText": [Function],
  "queryByDisplayValue": [Function],
  "queryByLabelText": [Function],
  "queryByPlaceholderText": [Function],
  "queryByRole": [Function],
  "queryByTestId": [Function],
  "queryByText": [Function],
  "queryByTitle": [Function],
  "rerender": [Function],
  "unmount": [Function],
}
`;

exports[`<Calculator /> should do the correct user interactions on pressing the key buttons all calculator button 1`] = `
Object {
  "asFragment": [Function],
  "baseElement": <body>
    <div>
      <section
        class="calculator"
      >
        <div
          class="calculator-title"
        >
          <h1>
            Let‘s do some math!
          </h1>
        </div>
        <div>
          <div>
            <input
              id="input"
              readonly=""
              type="text"
              value="2  "
            />
          </div>
          <div
            class="btn-calculator"
          >
            <button
              name="AC"
              type="button"
            >
              AC
            </button>
            <button
              name="+/-"
              type="button"
            >
              +/-
            </button>
            <button
              name="%"
              type="button"
            >
              %
            </button>
            <button
              name="÷"
              type="button"
            >
              ÷
            </button>
            <button
              name="7"
              type="button"
            >
              7
            </button>
            <button
              name="8"
              type="button"
            >
              8
            </button>
            <button
              name="9"
              type="button"
            >
              9
            </button>
            <button
              name="x"
              type="button"
            >
              x
            </button>
            <button
              name="4"
              type="button"
            >
              4
            </button>
            <button
              name="5"
              type="button"
            >
              5
            </button>
            <button
              name="6"
              type="button"
            >
              6
            </button>
            <button
              name="-"
              type="button"
            >
              -
            </button>
            <button
              name="1"
              type="button"
            >
              1
            </button>
            <button
              name="2"
              type="button"
            >
              2
            </button>
            <button
              name="3"
              type="button"
            >
              3
            </button>
            <button
              name="+"
              type="button"
            >
              +
            </button>
            <button
              name="0"
              type="button"
            >
              0
            </button>
            <button
              name="."
              type="button"
            >
              .
            </button>
            <button
              name="="
              type="button"
            >
              =
            </button>
          </div>
        </div>
      </section>
    </div>
  </body>,
  "container": <div>
    <section
      class="calculator"
    >
      <div
        class="calculator-title"
      >
        <h1>
          Let‘s do some math!
        </h1>
      </div>
      <div>
        <div>
          <input
            id="input"
            readonly=""
            type="text"
            value="2  "
          />
        </div>
        <div
          class="btn-calculator"
        >
          <button
            name="AC"
            type="button"
          >
            AC
          </button>
          <button
            name="+/-"
            type="button"
          >
            +/-
          </button>
          <button
            name="%"
            type="button"
          >
            %
          </button>
          <button
            name="÷"
            type="button"
          >
            ÷
          </button>
          <button
            name="7"
            type="button"
          >
            7
          </button>
          <button
            name="8"
            type="button"
          >
            8
          </button>
          <button
            name="9"
            type="button"
          >
            9
          </button>
          <button
            name="x"
            type="button"
          >
            x
          </button>
          <button
            name="4"
            type="button"
          >
            4
          </button>
          <button
            name="5"
            type="button"
          >
            5
          </button>
          <button
            name="6"
            type="button"
          >
            6
          </button>
          <button
            name="-"
            type="button"
          >
            -
          </button>
          <button
            name="1"
            type="button"
          >
            1
          </button>
          <button
            name="2"
            type="button"
          >
            2
          </button>
          <button
            name="3"
            type="button"
          >
            3
          </button>
          <button
            name="+"
            type="button"
          >
            +
          </button>
          <button
            name="0"
            type="button"
          >
            0
          </button>
          <button
            name="."
            type="button"
          >
            .
          </button>
          <button
            name="="
            type="button"
          >
            =
          </button>
        </div>
      </div>
    </section>
  </div>,
  "debug": [Function],
  "findAllByAltText": [Function],
  "findAllByDisplayValue": [Function],
  "findAllByLabelText": [Function],
  "findAllByPlaceholderText": [Function],
  "findAllByRole": [Function],
  "findAllByTestId": [Function],
  "findAllByText": [Function],
  "findAllByTitle": [Function],
  "findByAltText": [Function],
  "findByDisplayValue": [Function],
  "findByLabelText": [Function],
  "findByPlaceholderText": [Function],
  "findByRole": [Function],
  "findByTestId": [Function],
  "findByText": [Function],
  "findByTitle": [Function],
  "getAllByAltText": [Function],
  "getAllByDisplayValue": [Function],
  "getAllByLabelText": [Function],
  "getAllByPlaceholderText": [Function],
  "getAllByRole": [Function],
  "getAllByTestId": [Function],
  "getAllByText": [Function],
  "getAllByTitle": [Function],
  "getByAltText": [Function],
  "getByDisplayValue": [Function],
  "getByLabelText": [Function],
  "getByPlaceholderText": [Function],
  "getByRole": [Function],
  "getByTestId": [Function],
  "getByText": [Function],
  "getByTitle": [Function],
  "queryAllByAltText": [Function],
  "queryAllByDisplayValue": [Function],
  "queryAllByLabelText": [Function],
  "queryAllByPlaceholderText": [Function],
  "queryAllByRole": [Function],
  "queryAllByTestId": [Function],
  "queryAllByText": [Function],
  "queryAllByTitle": [Function],
  "queryByAltText": [Function],
  "queryByDisplayValue": [Function],
  "queryByLabelText": [Function],
  "queryByPlaceholderText": [Function],
  "queryByRole": [Function],
  "queryByTestId": [Function],
  "queryByText": [Function],
  "queryByTitle": [Function],
  "rerender": [Function],
  "unmount": [Function],
}
`;

exports[`<Calculator /> should render all calculator button 1`] = `
Object {
  "asFragment": [Function],
  "baseElement": <body>
    <div>
      <section
        class="calculator"
      >
        <div
          class="calculator-title"
        >
          <h1>
            Let‘s do some math!
          </h1>
        </div>
        <div>
          <div>
            <input
              id="input"
              readonly=""
              type="text"
              value="2  "
            />
          </div>
          <div
            class="btn-calculator"
          >
            <button
              name="AC"
              type="button"
            >
              AC
            </button>
            <button
              name="+/-"
              type="button"
            >
              +/-
            </button>
            <button
              name="%"
              type="button"
            >
              %
            </button>
            <button
              name="÷"
              type="button"
            >
              ÷
            </button>
            <button
              name="7"
              type="button"
            >
              7
            </button>
            <button
              name="8"
              type="button"
            >
              8
            </button>
            <button
              name="9"
              type="button"
            >
              9
            </button>
            <button
              name="x"
              type="button"
            >
              x
            </button>
            <button
              name="4"
              type="button"
            >
              4
            </button>
            <button
              name="5"
              type="button"
            >
              5
            </button>
            <button
              name="6"
              type="button"
            >
              6
            </button>
            <button
              name="-"
              type="button"
            >
              -
            </button>
            <button
              name="1"
              type="button"
            >
              1
            </button>
            <button
              name="2"
              type="button"
            >
              2
            </button>
            <button
              name="3"
              type="button"
            >
              3
            </button>
            <button
              name="+"
              type="button"
            >
              +
            </button>
            <button
              name="0"
              type="button"
            >
              0
            </button>
            <button
              name="."
              type="button"
            >
              .
            </button>
            <button
              name="="
              type="button"
            >
              =
            </button>
          </div>
        </div>
      </section>
    </div>
  </body>,
  "container": <div>
    <section
      class="calculator"
    >
      <div
        class="calculator-title"
      >
        <h1>
          Let‘s do some math!
        </h1>
      </div>
      <div>
        <div>
          <input
            id="input"
            readonly=""
            type="text"
            value="2  "
          />
        </div>
        <div
          class="btn-calculator"
        >
          <button
            name="AC"
            type="button"
          >
            AC
          </button>
          <button
            name="+/-"
            type="button"
          >
            +/-
          </button>
          <button
            name="%"
            type="button"
          >
            %
          </button>
          <button
            name="÷"
            type="button"
          >
            ÷
          </button>
          <button
            name="7"
            type="button"
          >
            7
          </button>
          <button
            name="8"
            type="button"
          >
            8
          </button>
          <button
            name="9"
            type="button"
          >
            9
          </button>
          <button
            name="x"
            type="button"
          >
            x
          </button>
          <button
            name="4"
            type="button"
          >
            4
          </button>
          <button
            name="5"
            type="button"
          >
            5
          </button>
          <button
            name="6"
            type="button"
          >
            6
          </button>
          <button
            name="-"
            type="button"
          >
            -
          </button>
          <button
            name="1"
            type="button"
          >
            1
          </button>
          <button
            name="2"
            type="button"
          >
            2
          </button>
          <button
            name="3"
            type="button"
          >
            3
          </button>
          <button
            name="+"
            type="button"
          >
            +
          </button>
          <button
            name="0"
            type="button"
          >
            0
          </button>
          <button
            name="."
            type="button"
          >
            .
          </button>
          <button
            name="="
            type="button"
          >
            =
          </button>
        </div>
      </div>
    </section>
  </div>,
  "debug": [Function],
  "findAllByAltText": [Function],
  "findAllByDisplayValue": [Function],
  "findAllByLabelText": [Function],
  "findAllByPlaceholderText": [Function],
  "findAllByRole": [Function],
  "findAllByTestId": [Function],
  "findAllByText": [Function],
  "findAllByTitle": [Function],
  "findByAltText": [Function],
  "findByDisplayValue": [Function],
  "findByLabelText": [Function],
  "findByPlaceholderText": [Function],
  "findByRole": [Function],
  "findByTestId": [Function],
  "findByText": [Function],
  "findByTitle": [Function],
  "getAllByAltText": [Function],
  "getAllByDisplayValue": [Function],
  "getAllByLabelText": [Function],
  "getAllByPlaceholderText": [Function],
  "getAllByRole": [Function],
  "getAllByTestId": [Function],
  "getAllByText": [Function],
  "getAllByTitle": [Function],
  "getByAltText": [Function],
  "getByDisplayValue": [Function],
  "getByLabelText": [Function],
  "getByPlaceholderText": [Function],
  "getByRole": [Function],
  "getByTestId": [Function],
  "getByText": [Function],
  "getByTitle": [Function],
  "queryAllByAltText": [Function],
  "queryAllByDisplayValue": [Function],
  "queryAllByLabelText": [Function],
  "queryAllByPlaceholderText": [Function],
  "queryAllByRole": [Function],
  "queryAllByTestId": [Function],
  "queryAllByText": [Function],
  "queryAllByTitle": [Function],
  "queryByAltText": [Function],
  "queryByDisplayValue": [Function],
  "queryByLabelText": [Function],
  "queryByPlaceholderText": [Function],
  "queryByRole": [Function],
  "queryByTestId": [Function],
  "queryByText": [Function],
  "queryByTitle": [Function],
  "rerender": [Function],
  "unmount": [Function],
}
`;
